nohup: ignoring input
2025-11-25 13:50:59,502 - INFO - ============================================================
2025-11-25 13:50:59,502 - INFO - PINOT SEGMENT MONITOR & AUTO-RETRAIN SERVICE
2025-11-25 13:50:59,502 - INFO - ============================================================
2025-11-25 13:50:59,502 - INFO - Monitoring table: transactions
2025-11-25 13:50:59,502 - INFO - Check interval: 60 seconds
2025-11-25 13:50:59,502 - INFO - Segment flush threshold: 1000 records
2025-11-25 13:50:59,502 - INFO - Min records for retrain: 500
2025-11-25 13:50:59,502 - INFO - ============================================================
2025-11-25 13:50:59,509 - INFO - Initial table size: 39,504 records
2025-11-25 13:50:59,514 - INFO - Tracking 10 existing segments
2025-11-25 13:50:59,514 - INFO - Starting monitoring loop...
2025-11-25 14:01:59,673 - INFO - New sealed segment detected: transactions__0__10__20251125T0701Z
2025-11-25 14:01:59,680 - INFO - Found 1 new sealed segment(s)
2025-11-25 14:01:59,680 - INFO - Total records in table: 39,797
2025-11-25 14:01:59,680 - INFO - Record increase since last check: 293
2025-11-25 14:01:59,680 - INFO - Not enough new records for retrain (need 500, got 293)
2025-11-25 14:13:59,836 - INFO - New sealed segment detected: transactions__0__11__20251125T0713Z
2025-11-25 14:13:59,844 - INFO - Found 1 new sealed segment(s)
2025-11-25 14:13:59,844 - INFO - Total records in table: 41,115
2025-11-25 14:13:59,844 - INFO - Record increase since last check: 1,318
2025-11-25 14:13:59,844 - INFO - ============================================================
2025-11-25 14:13:59,844 - INFO - TRIGGERING MODEL RETRAINING
2025-11-25 14:13:59,844 - INFO - ============================================================
2025-11-25 14:14:10,771 - INFO - ✓ Model retraining completed successfully
2025-11-25 14:14:10,771 - INFO - Training output (last 10 lines):
2025-11-25 14:14:10,771 - INFO -   Model directory: models/fraud_detection_20251125_141410
2025-11-25 14:14:10,771 - INFO -   MLflow UI: http://localhost:5000
2025-11-25 14:14:10,771 - INFO -   
2025-11-25 14:14:10,771 - INFO -   Next steps:
2025-11-25 14:14:10,772 - INFO -     1. Review the model in MLflow UI
2025-11-25 14:14:10,772 - INFO -     2. Compare with previous versions
2025-11-25 14:14:10,772 - INFO -     3. Promote the model to production if metrics improve
2025-11-25 14:14:10,772 - INFO -     4. Monitor model performance in production
2025-11-25 14:14:10,772 - INFO -   🏃 View run fraud_model_20251125_141403 at: http://localhost:5000/#/experiments/1/runs/19bff455aaba4b85b3a810a87f4c7381
2025-11-25 14:14:10,772 - INFO -   🧪 View experiment at: http://localhost:5000/#/experiments/1
2025-11-25 14:24:10,909 - INFO - New sealed segment detected: transactions__0__12__20251125T0723Z
2025-11-25 14:24:10,916 - INFO - Found 1 new sealed segment(s)
2025-11-25 14:24:10,916 - INFO - Total records in table: 41,971
2025-11-25 14:24:10,916 - INFO - Record increase since last check: 856
2025-11-25 14:24:10,916 - INFO - Time since last retrain: 10.0 minutes
2025-11-25 14:24:10,916 - INFO - ============================================================
2025-11-25 14:24:10,917 - INFO - TRIGGERING MODEL RETRAINING
2025-11-25 14:24:10,917 - INFO - ============================================================
2025-11-25 14:24:21,792 - INFO - ✓ Model retraining completed successfully
2025-11-25 14:24:21,792 - INFO - Training output (last 10 lines):
2025-11-25 14:24:21,792 - INFO -   Model directory: models/fraud_detection_20251125_142421
2025-11-25 14:24:21,792 - INFO -   MLflow UI: http://localhost:5000
2025-11-25 14:24:21,792 - INFO -   
2025-11-25 14:24:21,792 - INFO -   Next steps:
2025-11-25 14:24:21,792 - INFO -     1. Review the model in MLflow UI
2025-11-25 14:24:21,792 - INFO -     2. Compare with previous versions
2025-11-25 14:24:21,792 - INFO -     3. Promote the model to production if metrics improve
2025-11-25 14:24:21,793 - INFO -     4. Monitor model performance in production
2025-11-25 14:24:21,793 - INFO -   🏃 View run fraud_model_20251125_142414 at: http://localhost:5000/#/experiments/1/runs/a42fb3289a944a9f88e113505e0abdec
2025-11-25 14:24:21,793 - INFO -   🧪 View experiment at: http://localhost:5000/#/experiments/1
2025-11-25 14:43:22,049 - INFO - New sealed segment detected: transactions__0__13__20251125T0742Z
2025-11-25 14:43:22,056 - INFO - Found 1 new sealed segment(s)
2025-11-25 14:43:22,057 - INFO - Total records in table: 43,267
2025-11-25 14:43:22,057 - INFO - Record increase since last check: 1,296
2025-11-25 14:43:22,057 - INFO - Time since last retrain: 19.0 minutes
2025-11-25 14:43:22,057 - INFO - ============================================================
2025-11-25 14:43:22,057 - INFO - TRIGGERING MODEL RETRAINING
2025-11-25 14:43:22,057 - INFO - ============================================================
2025-11-25 14:43:33,607 - INFO - ✓ Model retraining completed successfully
2025-11-25 14:43:33,608 - INFO - Training output (last 10 lines):
2025-11-25 14:43:33,608 - INFO -   Model directory: models/fraud_detection_20251125_144333
2025-11-25 14:43:33,608 - INFO -   MLflow UI: http://localhost:5000
2025-11-25 14:43:33,608 - INFO -   
2025-11-25 14:43:33,608 - INFO -   Next steps:
2025-11-25 14:43:33,608 - INFO -     1. Review the model in MLflow UI
2025-11-25 14:43:33,608 - INFO -     2. Compare with previous versions
2025-11-25 14:43:33,608 - INFO -     3. Promote the model to production if metrics improve
2025-11-25 14:43:33,608 - INFO -     4. Monitor model performance in production
2025-11-25 14:43:33,608 - INFO -   🏃 View run fraud_model_20251125_144325 at: http://localhost:5000/#/experiments/1/runs/398b6c7da69b4e8ab68160c63644ef03
2025-11-25 14:43:33,608 - INFO -   🧪 View experiment at: http://localhost:5000/#/experiments/1
2025-11-25 14:44:33,614 - INFO - New sealed segment detected: transactions__0__14__20251125T0744Z
2025-11-25 14:44:33,620 - INFO - Found 1 new sealed segment(s)
2025-11-25 14:44:33,620 - INFO - Total records in table: 43,999
2025-11-25 14:44:33,620 - INFO - Record increase since last check: 732
2025-11-25 14:44:33,621 - INFO - Time since last retrain: 1.0 minutes
2025-11-25 14:44:33,621 - INFO - Skipping retrain - last retrain was 1.0 minutes ago
2025-11-25 14:46:33,643 - INFO - New sealed segment detected: transactions__0__15__20251125T0745Z
2025-11-25 14:46:33,650 - INFO - Found 1 new sealed segment(s)
2025-11-25 14:46:33,650 - INFO - Total records in table: 45,238
2025-11-25 14:46:33,650 - INFO - Record increase since last check: 1,971
2025-11-25 14:46:33,650 - INFO - Time since last retrain: 3.0 minutes
2025-11-25 14:46:33,650 - INFO - Skipping retrain - last retrain was 3.0 minutes ago
2025-11-25 14:47:33,655 - INFO - New sealed segment detected: transactions__0__16__20251125T0747Z
2025-11-25 14:47:33,662 - INFO - Found 1 new sealed segment(s)
2025-11-25 14:47:33,662 - INFO - Total records in table: 45,867
2025-11-25 14:47:33,662 - INFO - Record increase since last check: 2,600
2025-11-25 14:47:33,663 - INFO - Time since last retrain: 4.0 minutes
2025-11-25 14:47:33,663 - INFO - Skipping retrain - last retrain was 4.0 minutes ago
2025-11-25 14:49:33,686 - INFO - New sealed segment detected: transactions__0__17__20251125T0749Z
2025-11-25 14:49:33,692 - INFO - Found 1 new sealed segment(s)
2025-11-25 14:49:33,692 - INFO - Total records in table: 47,066
2025-11-25 14:49:33,692 - INFO - Record increase since last check: 3,799
2025-11-25 14:49:33,692 - INFO - Time since last retrain: 6.0 minutes
2025-11-25 14:49:33,692 - INFO - ============================================================
2025-11-25 14:49:33,692 - INFO - TRIGGERING MODEL RETRAINING
2025-11-25 14:49:33,692 - INFO - ============================================================
2025-11-25 14:49:45,153 - INFO - ✓ Model retraining completed successfully
2025-11-25 14:49:45,154 - INFO - Training output (last 10 lines):
2025-11-25 14:49:45,154 - INFO -   Model directory: models/fraud_detection_20251125_144944
2025-11-25 14:49:45,154 - INFO -   MLflow UI: http://localhost:5000
2025-11-25 14:49:45,154 - INFO -   
2025-11-25 14:49:45,154 - INFO -   Next steps:
2025-11-25 14:49:45,154 - INFO -     1. Review the model in MLflow UI
2025-11-25 14:49:45,154 - INFO -     2. Compare with previous versions
2025-11-25 14:49:45,154 - INFO -     3. Promote the model to production if metrics improve
2025-11-25 14:49:45,154 - INFO -     4. Monitor model performance in production
2025-11-25 14:49:45,155 - INFO -   🏃 View run fraud_model_20251125_144937 at: http://localhost:5000/#/experiments/1/runs/a8089624498d45419a1e90bbcfb531de
2025-11-25 14:49:45,155 - INFO -   🧪 View experiment at: http://localhost:5000/#/experiments/1
2025-11-25 14:50:45,163 - INFO - New sealed segment detected: transactions__0__18__20251125T0750Z
2025-11-25 14:50:45,170 - INFO - Found 1 new sealed segment(s)
2025-11-25 14:50:45,170 - INFO - Total records in table: 47,775
2025-11-25 14:50:45,170 - INFO - Record increase since last check: 709
2025-11-25 14:50:45,170 - INFO - Time since last retrain: 1.0 minutes
2025-11-25 14:50:45,170 - INFO - Skipping retrain - last retrain was 1.0 minutes ago
2025-11-25 14:52:45,193 - INFO - New sealed segment detected: transactions__0__19__20251125T0752Z
2025-11-25 14:52:45,200 - INFO - Found 1 new sealed segment(s)
2025-11-25 14:52:45,200 - INFO - Total records in table: 48,993
2025-11-25 14:52:45,200 - INFO - Record increase since last check: 1,927
2025-11-25 14:52:45,200 - INFO - Time since last retrain: 3.0 minutes
2025-11-25 14:52:45,200 - INFO - Skipping retrain - last retrain was 3.0 minutes ago
2025-11-25 14:54:45,224 - INFO - New sealed segment detected: transactions__0__20__20251125T0753Z
2025-11-25 14:54:45,233 - INFO - Found 1 new sealed segment(s)
2025-11-25 14:54:45,233 - INFO - Total records in table: 50,204
2025-11-25 14:54:45,234 - INFO - Record increase since last check: 3,138
2025-11-25 14:54:45,234 - INFO - Time since last retrain: 5.0 minutes
2025-11-25 14:54:45,234 - INFO - ============================================================
2025-11-25 14:54:45,234 - INFO - TRIGGERING MODEL RETRAINING
2025-11-25 14:54:45,235 - INFO - ============================================================
2025-11-25 14:54:57,261 - INFO - ✓ Model retraining completed successfully
2025-11-25 14:54:57,261 - INFO - Training output (last 10 lines):
2025-11-25 14:54:57,261 - INFO -   Model directory: models/fraud_detection_20251125_145456
2025-11-25 14:54:57,261 - INFO -   MLflow UI: http://localhost:5000
2025-11-25 14:54:57,261 - INFO -   
2025-11-25 14:54:57,261 - INFO -   Next steps:
2025-11-25 14:54:57,261 - INFO -     1. Review the model in MLflow UI
2025-11-25 14:54:57,261 - INFO -     2. Compare with previous versions
2025-11-25 14:54:57,261 - INFO -     3. Promote the model to production if metrics improve
2025-11-25 14:54:57,261 - INFO -     4. Monitor model performance in production
2025-11-25 14:54:57,261 - INFO -   🏃 View run fraud_model_20251125_145448 at: http://localhost:5000/#/experiments/1/runs/6716b653fccb47bb8a5e3d2167941f05
2025-11-25 14:54:57,261 - INFO -   🧪 View experiment at: http://localhost:5000/#/experiments/1
2025-11-25 14:55:57,266 - INFO - New sealed segment detected: transactions__0__21__20251125T0755Z
2025-11-25 14:55:57,274 - INFO - Found 1 new sealed segment(s)
2025-11-25 14:55:57,275 - INFO - Total records in table: 50,906
2025-11-25 14:55:57,276 - INFO - Record increase since last check: 702
2025-11-25 14:55:57,276 - INFO - Time since last retrain: 1.0 minutes
2025-11-25 14:55:57,276 - INFO - Skipping retrain - last retrain was 1.0 minutes ago
2025-11-25 14:57:57,299 - INFO - New sealed segment detected: transactions__0__22__20251125T0757Z
2025-11-25 14:57:57,305 - INFO - Found 1 new sealed segment(s)
2025-11-25 14:57:57,305 - INFO - Total records in table: 52,141
2025-11-25 14:57:57,305 - INFO - Record increase since last check: 1,937
2025-11-25 14:57:57,305 - INFO - Time since last retrain: 3.0 minutes
2025-11-25 14:57:57,305 - INFO - Skipping retrain - last retrain was 3.0 minutes ago
2025-11-25 14:58:57,315 - INFO - New sealed segment detected: transactions__0__23__20251125T0758Z
2025-11-25 14:58:57,323 - INFO - Found 1 new sealed segment(s)
2025-11-25 14:58:57,326 - INFO - Total records in table: 52,767
2025-11-25 14:58:57,326 - INFO - Record increase since last check: 2,563
2025-11-25 14:58:57,326 - INFO - Time since last retrain: 4.0 minutes
2025-11-25 14:58:57,326 - INFO - Skipping retrain - last retrain was 4.0 minutes ago
2025-11-25 15:00:57,346 - INFO - New sealed segment detected: transactions__0__24__20251125T0800Z
2025-11-25 15:00:57,353 - INFO - Found 1 new sealed segment(s)
2025-11-25 15:00:57,354 - INFO - Total records in table: 54,002
2025-11-25 15:00:57,354 - INFO - Record increase since last check: 3,798
2025-11-25 15:00:57,355 - INFO - Time since last retrain: 6.0 minutes
2025-11-25 15:00:57,355 - INFO - ============================================================
2025-11-25 15:00:57,355 - INFO - TRIGGERING MODEL RETRAINING
2025-11-25 15:00:57,355 - INFO - ============================================================
2025-11-25 15:01:09,550 - INFO - ✓ Model retraining completed successfully
2025-11-25 15:01:09,550 - INFO - Training output (last 10 lines):
2025-11-25 15:01:09,550 - INFO -   Model directory: models/fraud_detection_20251125_150108
2025-11-25 15:01:09,551 - INFO -   MLflow UI: http://localhost:5000
2025-11-25 15:01:09,551 - INFO -   
2025-11-25 15:01:09,551 - INFO -   Next steps:
2025-11-25 15:01:09,551 - INFO -     1. Review the model in MLflow UI
2025-11-25 15:01:09,551 - INFO -     2. Compare with previous versions
2025-11-25 15:01:09,551 - INFO -     3. Promote the model to production if metrics improve
2025-11-25 15:01:09,551 - INFO -     4. Monitor model performance in production
2025-11-25 15:01:09,551 - INFO -   🏃 View run fraud_model_20251125_150100 at: http://localhost:5000/#/experiments/1/runs/3ed688a1ae044fa6a8772b37bc071117
2025-11-25 15:01:09,551 - INFO -   🧪 View experiment at: http://localhost:5000/#/experiments/1
2025-11-25 15:02:09,561 - INFO - New sealed segment detected: transactions__0__25__20251125T0802Z
2025-11-25 15:02:09,568 - INFO - Found 1 new sealed segment(s)
2025-11-25 15:02:09,569 - INFO - Total records in table: 54,771
2025-11-25 15:02:09,569 - INFO - Record increase since last check: 769
2025-11-25 15:02:09,569 - INFO - Time since last retrain: 1.0 minutes
2025-11-25 15:02:09,570 - INFO - Skipping retrain - last retrain was 1.0 minutes ago
2025-11-25 15:04:09,590 - INFO - New sealed segment detected: transactions__0__26__20251125T0803Z
2025-11-25 15:04:09,596 - INFO - Found 1 new sealed segment(s)
2025-11-25 15:04:09,597 - INFO - Total records in table: 56,000
2025-11-25 15:04:09,598 - INFO - Record increase since last check: 1,998
2025-11-25 15:04:09,598 - INFO - Time since last retrain: 3.0 minutes
2025-11-25 15:04:09,598 - INFO - Skipping retrain - last retrain was 3.0 minutes ago
2025-11-25 15:06:09,622 - INFO - New sealed segment detected: transactions__0__27__20251125T0805Z
2025-11-25 15:06:09,628 - INFO - Found 1 new sealed segment(s)
2025-11-25 15:06:09,628 - INFO - Total records in table: 57,209
2025-11-25 15:06:09,628 - INFO - Record increase since last check: 3,207
2025-11-25 15:06:09,628 - INFO - Time since last retrain: 5.0 minutes
2025-11-25 15:06:09,628 - INFO - ============================================================
2025-11-25 15:06:09,628 - INFO - TRIGGERING MODEL RETRAINING
2025-11-25 15:06:09,628 - INFO - ============================================================
2025-11-25 15:06:22,227 - INFO - ✓ Model retraining completed successfully
2025-11-25 15:06:22,227 - INFO - Training output (last 10 lines):
2025-11-25 15:06:22,228 - INFO -   Model directory: models/fraud_detection_20251125_150621
2025-11-25 15:06:22,228 - INFO -   MLflow UI: http://localhost:5000
2025-11-25 15:06:22,228 - INFO -   
2025-11-25 15:06:22,228 - INFO -   Next steps:
2025-11-25 15:06:22,228 - INFO -     1. Review the model in MLflow UI
2025-11-25 15:06:22,228 - INFO -     2. Compare with previous versions
2025-11-25 15:06:22,228 - INFO -     3. Promote the model to production if metrics improve
2025-11-25 15:06:22,228 - INFO -     4. Monitor model performance in production
2025-11-25 15:06:22,228 - INFO -   🏃 View run fraud_model_20251125_150613 at: http://localhost:5000/#/experiments/1/runs/b13c853afc544164a1c323892fb5a9fb
2025-11-25 15:06:22,228 - INFO -   🧪 View experiment at: http://localhost:5000/#/experiments/1
2025-11-25 15:07:22,234 - INFO - New sealed segment detected: transactions__0__28__20251125T0807Z
2025-11-25 15:07:22,239 - INFO - Found 1 new sealed segment(s)
2025-11-25 15:07:22,240 - INFO - Total records in table: 57,977
2025-11-25 15:07:22,240 - INFO - Record increase since last check: 768
2025-11-25 15:07:22,241 - INFO - Time since last retrain: 1.0 minutes
2025-11-25 15:07:22,241 - INFO - Skipping retrain - last retrain was 1.0 minutes ago
2025-11-25 15:09:22,259 - INFO - New sealed segment detected: transactions__0__29__20251125T0808Z
2025-11-25 15:09:22,264 - INFO - Found 1 new sealed segment(s)
2025-11-25 15:09:22,264 - INFO - Total records in table: 59,201
2025-11-25 15:09:22,264 - INFO - Record increase since last check: 1,992
2025-11-25 15:09:22,264 - INFO - Time since last retrain: 3.0 minutes
2025-11-25 15:09:22,264 - INFO - Skipping retrain - last retrain was 3.0 minutes ago
2025-11-25 15:10:22,271 - INFO - New sealed segment detected: transactions__0__30__20251125T0810Z
2025-11-25 15:10:22,279 - INFO - Found 1 new sealed segment(s)
2025-11-25 15:10:22,279 - INFO - Total records in table: 59,823
2025-11-25 15:10:22,280 - INFO - Record increase since last check: 2,614
2025-11-25 15:10:22,280 - INFO - Time since last retrain: 4.0 minutes
2025-11-25 15:10:22,280 - INFO - Skipping retrain - last retrain was 4.0 minutes ago
2025-11-25 15:12:22,300 - INFO - New sealed segment detected: transactions__0__31__20251125T0811Z
2025-11-25 15:12:22,310 - INFO - Found 1 new sealed segment(s)
2025-11-25 15:12:22,311 - INFO - Total records in table: 61,073
2025-11-25 15:12:22,311 - INFO - Record increase since last check: 3,864
2025-11-25 15:12:22,311 - INFO - Time since last retrain: 6.0 minutes
2025-11-25 15:12:22,312 - INFO - ============================================================
2025-11-25 15:12:22,312 - INFO - TRIGGERING MODEL RETRAINING
2025-11-25 15:12:22,312 - INFO - ============================================================
2025-11-25 15:12:35,594 - INFO - ✓ Model retraining completed successfully
2025-11-25 15:12:35,594 - INFO - Training output (last 10 lines):
2025-11-25 15:12:35,594 - INFO -   Model directory: models/fraud_detection_20251125_151234
2025-11-25 15:12:35,594 - INFO -   MLflow UI: http://localhost:5000
2025-11-25 15:12:35,594 - INFO -   
2025-11-25 15:12:35,594 - INFO -   Next steps:
2025-11-25 15:12:35,594 - INFO -     1. Review the model in MLflow UI
2025-11-25 15:12:35,594 - INFO -     2. Compare with previous versions
2025-11-25 15:12:35,594 - INFO -     3. Promote the model to production if metrics improve
2025-11-25 15:12:35,594 - INFO -     4. Monitor model performance in production
2025-11-25 15:12:35,594 - INFO -   🏃 View run fraud_model_20251125_151226 at: http://localhost:5000/#/experiments/1/runs/b9e4d8aaec8a4c149108c3ea6610e2a2
2025-11-25 15:12:35,594 - INFO -   🧪 View experiment at: http://localhost:5000/#/experiments/1
2025-11-25 15:13:35,603 - INFO - New sealed segment detected: transactions__0__32__20251125T0813Z
2025-11-25 15:13:35,609 - INFO - Found 1 new sealed segment(s)
2025-11-25 15:13:35,610 - INFO - Total records in table: 61,832
2025-11-25 15:13:35,610 - INFO - Record increase since last check: 759
2025-11-25 15:13:35,610 - INFO - Time since last retrain: 1.0 minutes
2025-11-25 15:13:35,610 - INFO - Skipping retrain - last retrain was 1.0 minutes ago
2025-11-25 15:15:35,631 - INFO - New sealed segment detected: transactions__0__33__20251125T0815Z
2025-11-25 15:15:35,636 - INFO - Found 1 new sealed segment(s)
2025-11-25 15:15:35,636 - INFO - Total records in table: 63,097
2025-11-25 15:15:35,636 - INFO - Record increase since last check: 2,024
2025-11-25 15:15:35,636 - INFO - Time since last retrain: 3.0 minutes
2025-11-25 15:15:35,636 - INFO - Skipping retrain - last retrain was 3.0 minutes ago
2025-11-25 15:16:35,646 - INFO - New sealed segment detected: transactions__0__34__20251125T0816Z
2025-11-25 15:16:35,655 - INFO - Found 1 new sealed segment(s)
2025-11-25 15:16:35,655 - INFO - Total records in table: 63,725
2025-11-25 15:16:35,655 - INFO - Record increase since last check: 2,652
2025-11-25 15:16:35,655 - INFO - Time since last retrain: 4.0 minutes
2025-11-25 15:16:35,656 - INFO - Skipping retrain - last retrain was 4.0 minutes ago
2025-11-25 15:18:35,687 - INFO - New sealed segment detected: transactions__0__35__20251125T0818Z
2025-11-25 15:18:35,694 - INFO - Found 1 new sealed segment(s)
2025-11-25 15:18:35,694 - INFO - Total records in table: 64,979
2025-11-25 15:18:35,694 - INFO - Record increase since last check: 3,906
2025-11-25 15:18:35,694 - INFO - Time since last retrain: 6.0 minutes
2025-11-25 15:18:35,694 - INFO - ============================================================
2025-11-25 15:18:35,694 - INFO - TRIGGERING MODEL RETRAINING
2025-11-25 15:18:35,694 - INFO - ============================================================
2025-11-25 15:18:48,392 - INFO - ✓ Model retraining completed successfully
2025-11-25 15:18:48,393 - INFO - Training output (last 10 lines):
2025-11-25 15:18:48,393 - INFO -   Model directory: models/fraud_detection_20251125_151847
2025-11-25 15:18:48,393 - INFO -   MLflow UI: http://localhost:5000
2025-11-25 15:18:48,393 - INFO -   
2025-11-25 15:18:48,393 - INFO -   Next steps:
2025-11-25 15:18:48,394 - INFO -     1. Review the model in MLflow UI
2025-11-25 15:18:48,394 - INFO -     2. Compare with previous versions
2025-11-25 15:18:48,394 - INFO -     3. Promote the model to production if metrics improve
2025-11-25 15:18:48,394 - INFO -     4. Monitor model performance in production
2025-11-25 15:18:48,394 - INFO -   🏃 View run fraud_model_20251125_151839 at: http://localhost:5000/#/experiments/1/runs/0e5308cf5bdd4958bf1e1fce3bf121be
2025-11-25 15:18:48,395 - INFO -   🧪 View experiment at: http://localhost:5000/#/experiments/1
2025-11-25 15:19:48,403 - INFO - New sealed segment detected: transactions__0__36__20251125T0819Z
2025-11-25 15:19:48,410 - INFO - Found 1 new sealed segment(s)
2025-11-25 15:19:48,410 - INFO - Total records in table: 65,706
2025-11-25 15:19:48,410 - INFO - Record increase since last check: 727
2025-11-25 15:19:48,410 - INFO - Time since last retrain: 1.0 minutes
2025-11-25 15:19:48,410 - INFO - Skipping retrain - last retrain was 1.0 minutes ago
2025-11-25 15:21:48,433 - INFO - New sealed segment detected: transactions__0__37__20251125T0821Z
2025-11-25 15:21:48,440 - INFO - Found 1 new sealed segment(s)
2025-11-25 15:21:48,440 - INFO - Total records in table: 66,720
2025-11-25 15:21:48,440 - INFO - Record increase since last check: 1,741
2025-11-25 15:21:48,440 - INFO - Time since last retrain: 3.0 minutes
2025-11-25 15:21:48,440 - INFO - Skipping retrain - last retrain was 3.0 minutes ago
2025-11-25 21:21:53,496 - INFO - New sealed segment detected: transactions__0__38__20251125T1421Z
2025-11-25 21:21:53,503 - INFO - Found 1 new sealed segment(s)
2025-11-25 21:21:53,503 - INFO - Total records in table: 66,720
2025-11-25 21:21:53,503 - INFO - Record increase since last check: 1,741
2025-11-25 21:21:53,503 - INFO - Time since last retrain: 363.1 minutes
2025-11-25 21:21:53,503 - INFO - ============================================================
2025-11-25 21:21:53,503 - INFO - TRIGGERING MODEL RETRAINING
2025-11-25 21:21:53,503 - INFO - ============================================================
2025-11-25 21:22:04,800 - INFO - ✓ Model retraining completed successfully
2025-11-25 21:22:04,800 - INFO - Training output (last 10 lines):
2025-11-25 21:22:04,800 - INFO -   Model directory: models/fraud_detection_20251125_212204
2025-11-25 21:22:04,801 - INFO -   MLflow UI: http://localhost:5000
2025-11-25 21:22:04,801 - INFO -   
2025-11-25 21:22:04,801 - INFO -   Next steps:
2025-11-25 21:22:04,801 - INFO -     1. Review the model in MLflow UI
2025-11-25 21:22:04,801 - INFO -     2. Compare with previous versions
2025-11-25 21:22:04,801 - INFO -     3. Promote the model to production if metrics improve
2025-11-25 21:22:04,801 - INFO -     4. Monitor model performance in production
2025-11-25 21:22:04,801 - INFO -   🏃 View run fraud_model_20251125_212157 at: http://localhost:5000/#/experiments/1/runs/271d0be6a1574d8da2f8229176a651b5
2025-11-25 21:22:04,801 - INFO -   🧪 View experiment at: http://localhost:5000/#/experiments/1
2025-11-25 22:17:15,592 - ERROR - Failed to fetch segments: HTTPConnectionPool(host='localhost', port=9000): Read timed out. (read timeout=10)
2025-11-25 22:18:25,602 - ERROR - Failed to fetch segments: HTTPConnectionPool(host='localhost', port=9000): Read timed out. (read timeout=10)
2025-11-25 22:19:35,615 - ERROR - Failed to fetch segments: HTTPConnectionPool(host='localhost', port=9000): Read timed out. (read timeout=10)
2025-11-25 22:20:45,622 - ERROR - Failed to fetch segments: HTTPConnectionPool(host='localhost', port=9000): Read timed out. (read timeout=10)
2025-11-25 22:21:55,636 - ERROR - Failed to fetch segments: HTTPConnectionPool(host='localhost', port=9000): Read timed out. (read timeout=10)
2025-11-25 22:23:05,650 - ERROR - Failed to fetch segments: HTTPConnectionPool(host='localhost', port=9000): Read timed out. (read timeout=10)
2025-11-25 22:24:15,663 - ERROR - Failed to fetch segments: HTTPConnectionPool(host='localhost', port=9000): Read timed out. (read timeout=10)
2025-11-25 22:25:25,673 - ERROR - Failed to fetch segments: HTTPConnectionPool(host='localhost', port=9000): Read timed out. (read timeout=10)
2025-11-25 22:26:35,685 - ERROR - Failed to fetch segments: HTTPConnectionPool(host='localhost', port=9000): Read timed out. (read timeout=10)
2025-11-25 22:27:45,698 - ERROR - Failed to fetch segments: HTTPConnectionPool(host='localhost', port=9000): Read timed out. (read timeout=10)
2025-11-25 22:28:55,712 - ERROR - Failed to fetch segments: HTTPConnectionPool(host='localhost', port=9000): Read timed out. (read timeout=10)
2025-11-25 22:30:05,725 - ERROR - Failed to fetch segments: HTTPConnectionPool(host='localhost', port=9000): Read timed out. (read timeout=10)
2025-11-25 22:31:15,731 - ERROR - Failed to fetch segments: HTTPConnectionPool(host='localhost', port=9000): Read timed out. (read timeout=10)
2025-11-25 22:32:25,745 - ERROR - Failed to fetch segments: HTTPConnectionPool(host='localhost', port=9000): Read timed out. (read timeout=10)
2025-11-25 22:33:35,755 - ERROR - Failed to fetch segments: HTTPConnectionPool(host='localhost', port=9000): Read timed out. (read timeout=10)
2025-11-25 22:34:45,768 - ERROR - Failed to fetch segments: HTTPConnectionPool(host='localhost', port=9000): Read timed out. (read timeout=10)
2025-11-25 22:35:55,773 - ERROR - Failed to fetch segments: HTTPConnectionPool(host='localhost', port=9000): Read timed out. (read timeout=10)
2025-11-25 22:37:05,786 - ERROR - Failed to fetch segments: HTTPConnectionPool(host='localhost', port=9000): Read timed out. (read timeout=10)
2025-11-25 22:38:15,792 - ERROR - Failed to fetch segments: HTTPConnectionPool(host='localhost', port=9000): Read timed out. (read timeout=10)
2025-11-25 22:39:25,805 - ERROR - Failed to fetch segments: HTTPConnectionPool(host='localhost', port=9000): Read timed out. (read timeout=10)
2025-11-25 22:40:35,817 - ERROR - Failed to fetch segments: HTTPConnectionPool(host='localhost', port=9000): Read timed out. (read timeout=10)
2025-11-25 22:41:45,825 - ERROR - Failed to fetch segments: HTTPConnectionPool(host='localhost', port=9000): Read timed out. (read timeout=10)
2025-11-25 22:42:55,839 - ERROR - Failed to fetch segments: HTTPConnectionPool(host='localhost', port=9000): Read timed out. (read timeout=10)
2025-11-25 22:44:05,852 - ERROR - Failed to fetch segments: HTTPConnectionPool(host='localhost', port=9000): Read timed out. (read timeout=10)
2025-11-25 22:45:15,861 - ERROR - Failed to fetch segments: HTTPConnectionPool(host='localhost', port=9000): Read timed out. (read timeout=10)
2025-11-25 22:46:25,875 - ERROR - Failed to fetch segments: HTTPConnectionPool(host='localhost', port=9000): Read timed out. (read timeout=10)
2025-11-25 22:47:35,887 - ERROR - Failed to fetch segments: HTTPConnectionPool(host='localhost', port=9000): Read timed out. (read timeout=10)
2025-11-25 22:48:45,898 - ERROR - Failed to fetch segments: HTTPConnectionPool(host='localhost', port=9000): Read timed out. (read timeout=10)
2025-11-25 22:49:55,912 - ERROR - Failed to fetch segments: HTTPConnectionPool(host='localhost', port=9000): Read timed out. (read timeout=10)
2025-11-25 22:51:05,925 - ERROR - Failed to fetch segments: HTTPConnectionPool(host='localhost', port=9000): Read timed out. (read timeout=10)
2025-11-25 22:52:15,939 - ERROR - Failed to fetch segments: HTTPConnectionPool(host='localhost', port=9000): Read timed out. (read timeout=10)
2025-11-25 22:53:25,952 - ERROR - Failed to fetch segments: HTTPConnectionPool(host='localhost', port=9000): Read timed out. (read timeout=10)
2025-11-25 22:54:26,113 - ERROR - Failed to fetch segments: 404 Client Error: Not Found for url: http://localhost:9000/segments/transactions_REALTIME
2025-11-25 22:55:26,128 - ERROR - Failed to fetch segments: 404 Client Error: Not Found for url: http://localhost:9000/segments/transactions_REALTIME
2025-11-25 22:56:26,141 - ERROR - Failed to fetch segments: 404 Client Error: Not Found for url: http://localhost:9000/segments/transactions_REALTIME
2025-11-25 22:57:26,151 - ERROR - Failed to fetch segments: 404 Client Error: Not Found for url: http://localhost:9000/segments/transactions_REALTIME
2025-11-25 22:58:26,166 - ERROR - Failed to fetch segments: 404 Client Error: Not Found for url: http://localhost:9000/segments/transactions_REALTIME
